{
  "Timestamp": {
    "ticks": 14725579120971531
  },
  "Subject": {
    "Name": "Ken",
    "Id": 41
  },
  "Attribute": "Glucose",
  "UnitOfMeasure": "mgdL",
  "Amount": 150.0,
  "Id": 4
}