[
  {
    "Name": "Ken",
    "Id": 1
  },
  {
    "Name": "Ethan",
    "Id": 2
  },
  {
    "Name": "Ken",
    "Id": 38
  },
  {
    "Name": "Ken",
    "Id": 39
  },
  {
    "Name": "Ken",
    "Id": 40
  },
  {
    "Name": "Ken",
    "Id": 41
  },
  {
    "Name": "Sophie",
    "Id": 48
  },
  {
    "Name": "Ethan Andrew",
    "Id": 49
  }
]